login as: root
root@10.212.55.87's password:
Welcome to Ubuntu 20.04.1 LTS (GNU/Linux 5.15.0-131-generic x86_64)

 * Documentation:  https://help.ubuntu.com
 * Management:     https://landscape.canonical.com
 * Support:        https://ubuntu.com/advantage


366 updates can be installed immediately.
108 of these updates are security updates.
To see these additional updates run: apt list --upgradable

Failed to connect to https://changelogs.ubuntu.com/meta-release-lts. Check your                                                                              Internet connection or proxy settings

Your Hardware Enablement Stack (HWE) is supported until April 2025.
*** System restart required ***
Last login: Wed Jun 18 16:43:37 2025 from 10.205.47.92
root@SYSLOGVM02:~# curl -O http://www.example.com/file.zip
  % Total    % Received % Xferd  Average Speed   Time    Time     Time  Current
                                 Dload  Upload   Total   Spent    Left  Speed
  0     0    0     0    0     0      0      0 --:--:-- --:--:-- --:--:--     0
curl: (52) Empty reply from server
root@SYSLOGVM02:~# curl -O http://www.google.com/file.zip
  % Total    % Received % Xferd  Average Speed   Time    Time     Time  Current
                                 Dload  Upload   Total   Spent    Left  Speed
  0     0    0     0    0     0      0      0 --:--:-- --:--:-- --:--:--     0
curl: (56) Recv failure: Connection reset by peer
root@SYSLOGVM02:~# curl -x http:/.api.tavily.com                                                                                                             curl: no URL specified!
curl: try 'curl --help' or 'curl --manual' for more information
root@SYSLOGVM02:~# curl --help
Usage: curl [options...] <url>
     --abstract-unix-socket <path> Connect via abstract Unix domain socket
     --alt-svc <file name> Enable alt-svc with this cache file
     --anyauth       Pick any authentication method
 -a, --append        Append to target file when uploading
     --basic         Use HTTP Basic Authentication
     --cacert <file> CA certificate to verify peer against
     --capath <dir>  CA directory to verify peer against
 -E, --cert <certificate[:password]> Client certificate file and password
     --cert-status   Verify the status of the server certificate
     --cert-type <type> Certificate file type (DER/PEM/ENG)
     --ciphers <list of ciphers> SSL ciphers to use
     --compressed    Request compressed response
     --compressed-ssh Enable SSH compression
 -K, --config <file> Read config from a file
     --connect-timeout <seconds> Maximum time allowed for connection
     --connect-to <HOST1:PORT1:HOST2:PORT2> Connect to host
 -C, --continue-at <offset> Resumed transfer offset
 -b, --cookie <data|filename> Send cookies from string/file
 -c, --cookie-jar <filename> Write cookies to <filename> after operation
     --create-dirs   Create necessary local directory hierarchy
     --crlf          Convert LF to CRLF in upload
     --crlfile <file> Get a CRL list in PEM format from the given file
 -d, --data <data>   HTTP POST data
     --data-ascii <data> HTTP POST ASCII data
     --data-binary <data> HTTP POST binary data
     --data-raw <data> HTTP POST data, '@' allowed
     --data-urlencode <data> HTTP POST data url encoded
     --delegation <LEVEL> GSS-API delegation permission
     --digest        Use HTTP Digest Authentication
 -q, --disable       Disable .curlrc
     --disable-eprt  Inhibit using EPRT or LPRT
     --disable-epsv  Inhibit using EPSV
     --disallow-username-in-url Disallow username in url
     --dns-interface <interface> Interface to use for DNS requests
     --dns-ipv4-addr <address> IPv4 address to use for DNS requests
     --dns-ipv6-addr <address> IPv6 address to use for DNS requests
     --dns-servers <addresses> DNS server addrs to use
     --doh-url <URL> Resolve host names over DOH
 -D, --dump-header <filename> Write the received headers to <filename>
     --egd-file <file> EGD socket path for random data
     --engine <name> Crypto engine to use
     --etag-save <file> Get an ETag from response header and save it to a FILE
     --etag-compare <file> Get an ETag from a file and send a conditional reques                                                                             t
     --expect100-timeout <seconds> How long to wait for 100-continue
 -f, --fail          Fail silently (no output at all) on HTTP errors
     --fail-early    Fail on first transfer error, do not continue
     --false-start   Enable TLS False Start
 -F, --form <name=content> Specify multipart MIME data
     --form-string <name=string> Specify multipart MIME data
     --ftp-account <data> Account data string
     --ftp-alternative-to-user <command> String to replace USER [name]
     --ftp-create-dirs Create the remote dirs if not present
     --ftp-method <method> Control CWD usage
     --ftp-pasv      Use PASV/EPSV instead of PORT
 -P, --ftp-port <address> Use PORT instead of PASV
     --ftp-pret      Send PRET before PASV
     --ftp-skip-pasv-ip Skip the IP address for PASV
     --ftp-ssl-ccc   Send CCC after authenticating
     --ftp-ssl-ccc-mode <active/passive> Set CCC mode
     --ftp-ssl-control Require SSL/TLS for FTP login, clear for transfer
 -G, --get           Put the post data in the URL and use GET
 -g, --globoff       Disable URL sequences and ranges using {} and []
     --happy-eyeballs-timeout-ms <milliseconds> How long to wait in milliseconds                                                                              for IPv6 before trying IPv4
     --haproxy-protocol Send HAProxy PROXY protocol v1 header
 -I, --head          Show document info only
 -H, --header <header/@file> Pass custom header(s) to server
 -h, --help          This help text
     --hostpubmd5 <md5> Acceptable MD5 hash of the host public key
     --http0.9       Allow HTTP 0.9 responses
 -0, --http1.0       Use HTTP 1.0
     --http1.1       Use HTTP 1.1
     --http2         Use HTTP 2
     --http2-prior-knowledge Use HTTP 2 without HTTP/1.1 Upgrade
     --http3         Use HTTP v3
     --ignore-content-length Ignore the size of the remote resource
 -i, --include       Include protocol response headers in the output
 -k, --insecure      Allow insecure server connections when using SSL
     --interface <name> Use network INTERFACE (or address)
 -4, --ipv4          Resolve names to IPv4 addresses
 -6, --ipv6          Resolve names to IPv6 addresses
 -j, --junk-session-cookies Ignore session cookies read from file
     --keepalive-time <seconds> Interval time for keepalive probes
     --key <key>     Private key file name
     --key-type <type> Private key file type (DER/PEM/ENG)
     --krb <level>   Enable Kerberos with security <level>
     --libcurl <file> Dump libcurl equivalent code of this command line
     --limit-rate <speed> Limit transfer speed to RATE
 -l, --list-only     List only mode
     --local-port <num/range> Force use of RANGE for local port numbers
 -L, --location      Follow redirects
     --location-trusted Like --location, and send auth to other hosts
     --login-options <options> Server login options
     --mail-auth <address> Originator address of the original email
     --mail-from <address> Mail from this address
     --mail-rcpt <address> Mail to this address
 -M, --manual        Display the full manual
     --max-filesize <bytes> Maximum file size to download
     --max-redirs <num> Maximum number of redirects allowed
 -m, --max-time <seconds> Maximum time allowed for the transfer
     --metalink      Process given URLs as metalink XML file
     --negotiate     Use HTTP Negotiate (SPNEGO) authentication
 -n, --netrc         Must read .netrc for user name and password
     --netrc-file <filename> Specify FILE for netrc
     --netrc-optional Use either .netrc or URL
 -:, --next          Make next URL use its separate set of options
     --no-alpn       Disable the ALPN TLS extension
 -N, --no-buffer     Disable buffering of the output stream
     --no-keepalive  Disable TCP keepalive on the connection
     --no-npn        Disable the NPN TLS extension
     --no-progress-meter Do not show the progress meter
     --no-sessionid  Disable SSL session-ID reusing
     --noproxy <no-proxy-list> List of hosts which do not use proxy
     --ntlm          Use HTTP NTLM authentication
     --ntlm-wb       Use HTTP NTLM authentication with winbind
     --oauth2-bearer <token> OAuth 2 Bearer Token
 -o, --output <file> Write to file instead of stdout
 -Z, --parallel      Perform transfers in parallel
     --parallel-immediate Do not wait for multiplexing (with --parallel)
     --parallel-max  Maximum concurrency for parallel transfers
     --pass <phrase> Pass phrase for the private key
     --path-as-is    Do not squash .. sequences in URL path
     --pinnedpubkey <hashes> FILE/HASHES Public key to verify peer against
     --post301       Do not switch to GET after following a 301
     --post302       Do not switch to GET after following a 302
     --post303       Do not switch to GET after following a 303
     --preproxy [protocol://]host[:port] Use this proxy first
 -#, --progress-bar  Display transfer progress as a bar
     --proto <protocols> Enable/disable PROTOCOLS
     --proto-default <protocol> Use PROTOCOL for any URL missing a scheme
     --proto-redir <protocols> Enable/disable PROTOCOLS on redirect
 -x, --proxy [protocol://]host[:port] Use this proxy
     --proxy-anyauth Pick any proxy authentication method
     --proxy-basic   Use Basic authentication on the proxy
     --proxy-cacert <file> CA certificate to verify peer against for proxy
     --proxy-capath <dir> CA directory to verify peer against for proxy
     --proxy-cert <cert[:passwd]> Set client certificate for proxy
     --proxy-cert-type <type> Client certificate type for HTTPS proxy
     --proxy-ciphers <list> SSL ciphers to use for proxy
     --proxy-crlfile <file> Set a CRL list for proxy
     --proxy-digest  Use Digest authentication on the proxy
     --proxy-header <header/@file> Pass custom header(s) to proxy
     --proxy-insecure Do HTTPS proxy connections without verifying the proxy
     --proxy-key <key> Private key for HTTPS proxy
     --proxy-key-type <type> Private key file type for proxy
     --proxy-negotiate Use HTTP Negotiate (SPNEGO) authentication on the proxy
     --proxy-ntlm    Use NTLM authentication on the proxy
     --proxy-pass <phrase> Pass phrase for the private key for HTTPS proxy
     --proxy-pinnedpubkey <hashes> FILE/HASHES public key to verify proxy with
     --proxy-service-name <name> SPNEGO proxy service name
     --proxy-ssl-allow-beast Allow security flaw for interop for HTTPS proxy
     --proxy-tls13-ciphers <list> TLS 1.3 ciphersuites for proxy (OpenSSL)
     --proxy-tlsauthtype <type> TLS authentication type for HTTPS proxy
     --proxy-tlspassword <string> TLS password for HTTPS proxy
     --proxy-tlsuser <name> TLS username for HTTPS proxy
     --proxy-tlsv1   Use TLSv1 for HTTPS proxy
 -U, --proxy-user <user:password> Proxy user and password
     --proxy1.0 <host[:port]> Use HTTP/1.0 proxy on given port
 -p, --proxytunnel   Operate through an HTTP proxy tunnel (using CONNECT)
     --pubkey <key>  SSH Public key file name
 -Q, --quote         Send command(s) to server before transfer
     --random-file <file> File for reading random data from
 -r, --range <range> Retrieve only the bytes within RANGE
     --raw           Do HTTP "raw"; no transfer decoding
 -e, --referer <URL> Referrer URL
 -J, --remote-header-name Use the header-provided filename
 -O, --remote-name   Write output to a file named as the remote file
     --remote-name-all Use the remote file name for all URLs
 -R, --remote-time   Set the remote file's time on the local output
 -X, --request <command> Specify request command to use
     --request-target Specify the target for this request
     --resolve <host:port:address[,address]...> Resolve the host+port to this ad                                                                             dress
     --retry <num>   Retry request if transient problems occur
     --retry-connrefused Retry on connection refused (use with --retry)
     --retry-delay <seconds> Wait time between retries
     --retry-max-time <seconds> Retry only within this period
     --sasl-authzid <identity>  Use this identity to act as during SASL PLAIN au                                                                             thentication
     --sasl-ir       Enable initial response in SASL authentication
     --service-name <name> SPNEGO service name
 -S, --show-error    Show error even when -s is used
 -s, --silent        Silent mode
     --socks4 <host[:port]> SOCKS4 proxy on given host + port
     --socks4a <host[:port]> SOCKS4a proxy on given host + port
     --socks5 <host[:port]> SOCKS5 proxy on given host + port
     --socks5-basic  Enable username/password auth for SOCKS5 proxies
     --socks5-gssapi Enable GSS-API auth for SOCKS5 proxies
     --socks5-gssapi-nec Compatibility with NEC SOCKS5 server
     --socks5-gssapi-service <name> SOCKS5 proxy service name for GSS-API
     --socks5-hostname <host[:port]> SOCKS5 proxy, pass host name to proxy
 -Y, --speed-limit <speed> Stop transfers slower than this
 -y, --speed-time <seconds> Trigger 'speed-limit' abort after this time
     --ssl           Try SSL/TLS
     --ssl-allow-beast Allow security flaw to improve interop
     --ssl-no-revoke Disable cert revocation checks (Schannel)
     --ssl-reqd      Require SSL/TLS
 -2, --sslv2         Use SSLv2
 -3, --sslv3         Use SSLv3
     --stderr        Where to redirect stderr
     --styled-output Enable styled output for HTTP headers
     --suppress-connect-headers Suppress proxy CONNECT response headers
     --tcp-fastopen  Use TCP Fast Open
     --tcp-nodelay   Use the TCP_NODELAY option
 -t, --telnet-option <opt=val> Set telnet option
     --tftp-blksize <value> Set TFTP BLKSIZE option
     --tftp-no-options Do not send any TFTP options
 -z, --time-cond <time> Transfer based on a time condition
     --tls-max <VERSION> Set maximum allowed TLS version
     --tls13-ciphers <list> TLS 1.3 ciphersuites (OpenSSL)
     --tlsauthtype <type> TLS authentication type
     --tlspassword   TLS password
     --tlsuser <name> TLS user name
 -1, --tlsv1         Use TLSv1.0 or greater
     --tlsv1.0       Use TLSv1.0 or greater
     --tlsv1.1       Use TLSv1.1 or greater
     --tlsv1.2       Use TLSv1.2 or greater
     --tlsv1.3       Use TLSv1.3 or greater
     --tr-encoding   Request compressed transfer encoding
     --trace <file>  Write a debug trace to FILE
     --trace-ascii <file> Like --trace, but without hex output
     --trace-time    Add time stamps to trace/verbose output
     --unix-socket <path> Connect through this Unix domain socket
 -T, --upload-file <file> Transfer local FILE to destination
     --url <url>     URL to work with
 -B, --use-ascii     Use ASCII/text transfer
 -u, --user <user:password> Server user and password
 -A, --user-agent <name> Send User-Agent <name> to server
 -v, --verbose       Make the operation more talkative
 -V, --version       Show version number and quit
 -w, --write-out <format> Use output FORMAT after completion
     --xattr         Store metadata in extended file attributes
root@SYSLOGVM02:~# # Check if DNS resolution works
root@SYSLOGVM02:~# nslookup api.tavily.com

Server:         127.0.0.53
Address:        127.0.0.53#53

** server can't find api.tavily.com: NXDOMAIN

root@SYSLOGVM02:~#
root@SYSLOGVM02:~# # Test HTTPS connection
root@SYSLOGVM02:~# curl -v https://api.tavily.com
*   Trying 10.205.48.14:8080...
* TCP_NODELAY set
* Connected to 10.205.48.14 (10.205.48.14) port 8080 (#0)
* allocate connect buffer!
* Establish HTTP proxy tunnel to api.tavily.com:443
> CONNECT api.tavily.com:443 HTTP/1.1
> Host: api.tavily.com:443
> User-Agent: curl/7.68.0
> Proxy-Connection: Keep-Alive
>
* Recv failure: Connection reset by peer
* Received HTTP code 0 from proxy after CONNECT
* CONNECT phase completed!
* Closing connection 0
curl: (56) Recv failure: Connection reset by peer
root@SYSLOGVM02:~# echo "52.21.68.80 api.tavily.com" | sudo tee -a /etc/hosts
52.21.68.80 api.tavily.com
root@SYSLOGVM02:~# ^C
root@SYSLOGVM02:~# echo "52.21.68.80 api.tavily.com" | sudo tee -a /etc/hosts
52.21.68.80 api.tavily.com
root@SYSLOGVM02:~# sudo nano /etc/environment
root@SYSLOGVM02:~# source /etc/environment
root@SYSLOGVM02:~# env | grep -i proxy
https_proxy=http://10.205.48.15:8080
http_proxy=http://10.205.48.15:8080
root@SYSLOGVM02:~# sudo systemctl restart streamlit
root@SYSLOGVM02:~# sudo mkdir -p /etc/systemd/system/streamlit.service.d

root@SYSLOGVM02:~# sudo nano /etc/systemd/system/streamlit.service.d/proxy.conf

root@SYSLOGVM02:~# sudo systemctl daemon-reload

^C^C^C^C^C^C




^C
^C^C^C^C^C^C









^C^C
root@SYSLOGVM02:~# ^C
root@SYSLOGVM02:~# ^C
root@SYSLOGVM02:~#
root@SYSLOGVM02:~# sudo systemctl daemon-reload

root@SYSLOGVM02:~# sudo systemctl restart streamlit
root@SYSLOGVM02:~# sudo systemctl status streamlit
● streamlit.service - Streamlit App (NetworkAutomation and PhishingDetection)
     Loaded: loaded (/etc/systemd/system/streamlit.service; enabled; vendor preset: enabled)
    Drop-In: /etc/systemd/system/streamlit.service.d
             └─proxy.conf
     Active: active (running) since Wed 2025-06-18 17:06:16 IST; 34s ago
   Main PID: 2138176 (streamlit)
      Tasks: 4 (limit: 38362)
     Memory: 28.8M
     CGroup: /system.slice/streamlit.service
             └─2138176 /usr/bin/python3 /usr/local/bin/streamlit run testnew.py --server.port=8501 --server.address=0.0.0.0

Jun 18 17:06:16 SYSLOGVM02 systemd[1]: Started Streamlit App (NetworkAutomation and PhishingDetection).
Jun 18 17:06:16 SYSLOGVM02 streamlit[2138176]: Collecting usage statistics. To deactivate, set browser.gatherUsageStats to false.
Jun 18 17:06:16 SYSLOGVM02 streamlit[2138176]:   You can now view your Streamlit app in your browser.
Jun 18 17:06:16 SYSLOGVM02 streamlit[2138176]:   URL: http://0.0.0.0:8501
root@SYSLOGVM02:~#


